** Drc report for sim7070g_imu_batt.kicad_pcb **
** Created on 2026-09-27T09:25:25 **
** Report includes: Errors, Warnings **

** Found 39 DRC violations **
[clearance]: Clearance violation ( clearance 0.2000 mm; actual 0.0500 mm)
    Local override; error
    @(104.3375 mm, 108.2500 mm): Pad 1 [unconnected-(U3-SDO_SA0-Pad1)] of U3 on F.Cu
    @(104.3375 mm, 107.7500 mm): Pad 2 [unconnected-(U3-SDX-Pad2)] of U3 on F.Cu
[clearance]: Clearance violation ( clearance 0.2000 mm; actual 0.1000 mm)
    Local override; error
    @(104.3375 mm, 108.2500 mm): Pad 1 [unconnected-(U3-SDO_SA0-Pad1)] of U3 on F.Cu
    @(105.0000 mm, 108.4125 mm): Pad 5 [/VDD_1V8] of U3 on F.Cu
[clearance]: Clearance violation ( clearance 0.2000 mm; actual 0.0500 mm)
    Local override; error
    @(104.3375 mm, 107.7500 mm): Pad 2 [unconnected-(U3-SDX-Pad2)] of U3 on F.Cu
    @(104.3375 mm, 107.2500 mm): Pad 3 [unconnected-(U3-SCX-Pad3)] of U3 on F.Cu
[clearance]: Clearance violation ( clearance 0.2000 mm; actual 0.1414 mm)
    Local override; error
    @(104.3375 mm, 107.7500 mm): Pad 2 [unconnected-(U3-SDX-Pad2)] of U3 on F.Cu
    @(105.0000 mm, 108.4125 mm): Pad 5 [/VDD_1V8] of U3 on F.Cu
[clearance]: Clearance violation ( clearance 0.2000 mm; actual 0.0500 mm)
    Local override; error
    @(104.3375 mm, 107.2500 mm): Pad 3 [unconnected-(U3-SCX-Pad3)] of U3 on F.Cu
    @(104.3375 mm, 106.7500 mm): Pad 4 [/INT1] of U3 on F.Cu
[clearance]: Clearance violation ( clearance 0.2000 mm; actual 0.1414 mm)
    Local override; error
    @(104.3375 mm, 107.2500 mm): Pad 3 [unconnected-(U3-SCX-Pad3)] of U3 on F.Cu
    @(105.0000 mm, 106.5875 mm): Pad 14 [/SDA] of U3 on F.Cu
[clearance]: Clearance violation ( clearance 0.2000 mm; actual 0.1000 mm)
    Local override; error
    @(104.3375 mm, 106.7500 mm): Pad 4 [/INT1] of U3 on F.Cu
    @(105.0000 mm, 106.5875 mm): Pad 14 [/SDA] of U3 on F.Cu
[clearance]: Clearance violation ( clearance 0.2000 mm; actual 0.0500 mm)
    Local override; error
    @(105.0000 mm, 108.4125 mm): Pad 5 [/VDD_1V8] of U3 on F.Cu
    @(105.5000 mm, 108.4125 mm): Pad 6 [/GND] of U3 on F.Cu
[clearance]: Clearance violation ( clearance 0.2000 mm; actual 0.1414 mm)
    Local override; error
    @(106.0000 mm, 108.4125 mm): Pad 7 [/GND] of U3 on F.Cu
    @(106.6625 mm, 107.7500 mm): Pad 11 [unconnected-(U3-SDO_AUX-Pad11)] of U3 on F.Cu
[clearance]: Clearance violation ( clearance 0.2000 mm; actual 0.1000 mm)
    Local override; error
    @(106.0000 mm, 108.4125 mm): Pad 7 [/GND] of U3 on F.Cu
    @(106.6625 mm, 108.2500 mm): Pad 12 [unconnected-(U3-CS-Pad12)] of U3 on F.Cu
[clearance]: Clearance violation ( clearance 0.2000 mm; actual 0.0500 mm)
    Local override; error
    @(106.0000 mm, 106.5875 mm): Pad 8 [/IMU_VDD] of U3 on F.Cu
    @(105.5000 mm, 106.5875 mm): Pad 13 [/SCL] of U3 on F.Cu
[clearance]: Clearance violation ( clearance 0.2000 mm; actual 0.1000 mm)
    Local override; error
    @(106.0000 mm, 106.5875 mm): Pad 8 [/IMU_VDD] of U3 on F.Cu
    @(106.6625 mm, 106.7500 mm): Pad 9 [/INT2] of U3 on F.Cu
[clearance]: Clearance violation ( clearance 0.2000 mm; actual 0.1414 mm)
    Local override; error
    @(106.0000 mm, 106.5875 mm): Pad 8 [/IMU_VDD] of U3 on F.Cu
    @(106.6625 mm, 107.2500 mm): Pad 10 [unconnected-(U3-OCS_AUX-Pad10)] of U3 on F.Cu
[clearance]: Clearance violation ( clearance 0.2000 mm; actual 0.0500 mm)
    Local override; error
    @(106.6625 mm, 106.7500 mm): Pad 9 [/INT2] of U3 on F.Cu
    @(106.6625 mm, 107.2500 mm): Pad 10 [unconnected-(U3-OCS_AUX-Pad10)] of U3 on F.Cu
[clearance]: Clearance violation ( clearance 0.2000 mm; actual 0.0500 mm)
    Local override; error
    @(106.6625 mm, 107.2500 mm): Pad 10 [unconnected-(U3-OCS_AUX-Pad10)] of U3 on F.Cu
    @(106.6625 mm, 107.7500 mm): Pad 11 [unconnected-(U3-SDO_AUX-Pad11)] of U3 on F.Cu
[clearance]: Clearance violation ( clearance 0.2000 mm; actual 0.0500 mm)
    Local override; error
    @(106.6625 mm, 107.7500 mm): Pad 11 [unconnected-(U3-SDO_AUX-Pad11)] of U3 on F.Cu
    @(106.6625 mm, 108.2500 mm): Pad 12 [unconnected-(U3-CS-Pad12)] of U3 on F.Cu
[clearance]: Clearance violation ( clearance 0.2000 mm; actual 0.0500 mm)
    Local override; error
    @(105.5000 mm, 106.5875 mm): Pad 13 [/SCL] of U3 on F.Cu
    @(105.0000 mm, 106.5875 mm): Pad 14 [/SDA] of U3 on F.Cu
[copper_edge_clearance]: Board edge clearance violation (board setup constraints edge clearance 0.5000 mm; actual 0.1250 mm)
    Rule: board setup constraints edge; error
    @(160.0000 mm, 154.0000 mm): Segment on Edge.Cuts
    @(117.6800 mm, 153.0750 mm): PTH pad SH [/GND] of J1
[copper_edge_clearance]: Board edge clearance violation (board setup constraints edge clearance 0.5000 mm; actual 0.1250 mm)
    Rule: board setup constraints edge; error
    @(160.0000 mm, 154.0000 mm): Segment on Edge.Cuts
    @(126.3200 mm, 153.0750 mm): PTH pad SH [/GND] of J1
[silk_edge_clearance]: Silkscreen clipped by board edge
    Rule: board setup constraints silk; warning
    @(102.0000 mm, 100.0000 mm): Segment on Edge.Cuts
    @(129.0000 mm, 100.3000 mm): Reference field of J3
[text_height]: Text height out of range (board setup constraints silk text height min height 0.8000 mm; actual 0.7000 mm)
    Rule: board setup constraints silk text height; warning
    @(105.5000 mm, 105.3000 mm): Reference field of U3
[silk_overlap]: Silkscreen clearance
    Rule: board setup constraints silk; warning
    @(126.5000 mm, 106.8400 mm): Reference field of C12
    @(127.8300 mm, 108.0000 mm): Reference field of R8
[silk_overlap]: Silkscreen clearance
    Rule: board setup constraints silk; warning
    @(108.3800 mm, 103.6536 mm): Segment of R4 on F.Silkscreen
    @(108.3300 mm, 103.5000 mm): Reference field of R5
[silk_overlap]: Silkscreen clearance
    Rule: board setup constraints silk; warning
    @(110.8400 mm, 103.5000 mm): Reference field of C11
    @(112.0000 mm, 105.1000 mm): Reference field of U4
[silk_overlap]: Silkscreen clearance
    Rule: board setup constraints silk; warning
    @(111.3464 mm, 115.8800 mm): Segment of R7 on F.Silkscreen
    @(111.5000 mm, 116.3300 mm): Reference field of R10
[silk_overlap]: Silkscreen clearance
    Rule: board setup constraints silk; warning
    @(107.0000 mm, 140.3000 mm): Footprint text of J5 (STRAIN RELIEF)
    @(107.0000 mm, 139.9000 mm): Reference field of J5
[silk_overlap]: Silkscreen clearance
    Rule: board setup constraints silk; warning
    @(107.0000 mm, 140.3000 mm): Footprint text of J5 (STRAIN RELIEF)
    @(101.5000 mm, 140.3000 mm): Segment of J5 on F.Silkscreen
[silk_overlap]: Silkscreen clearance
    Rule: board setup constraints silk; warning
    @(111.5000 mm, 118.3300 mm): Reference field of R11
    @(111.3464 mm, 117.8800 mm): Segment of R10 on F.Silkscreen
[silk_overlap]: Silkscreen clearance
    Rule: board setup constraints silk; warning
    @(111.5000 mm, 120.0700 mm): Reference field of R12
    @(111.3464 mm, 119.8800 mm): Segment of R11 on F.Silkscreen
[silk_over_copper]: Silkscreen clipped by solder mask
    Local override; warning
    @(108.3300 mm, 103.5000 mm): Reference field of R5
    @(108.0000 mm, 104.0100 mm): Pad 1 [/VDD_1V8] of R4 on F.Cu
[silk_over_copper]: Silkscreen clipped by solder mask
    Local override; warning
    @(108.3300 mm, 103.5000 mm): Reference field of R5
    @(108.0000 mm, 102.9900 mm): Pad 2 [/SDA] of R4 on F.Cu
[silk_over_copper]: Silkscreen clipped by solder mask
    Local override; warning
    @(102.5000 mm, 145.9000 mm): Footprint text of J5 (BAT+)
    @(104.0000 mm, 144.5000 mm): Pad 1 [/BAT_PACK] of J5 on F.Cu
[silk_over_copper]: Silkscreen clipped by solder mask
    Local override; warning
    @(101.5000 mm, 142.3000 mm): Segment of J5 on F.Silkscreen
    @(101.1000 mm, 141.9000 mm): NPTH pad of J5
[silk_over_copper]: Silkscreen clipped by solder mask
    Local override; warning
    @(102.5000 mm, 141.3000 mm): Segment of J5 on F.Silkscreen
    @(104.0000 mm, 144.5000 mm): Pad 1 [/BAT_PACK] of J5 on F.Cu
[silk_over_copper]: Silkscreen clipped by solder mask
    Local override; warning
    @(111.5000 mm, 145.9000 mm): Footprint text of J5 (BAT-)
    @(110.0000 mm, 144.5000 mm): Pad 2 [/GND] of J5 on F.Cu
[silk_over_copper]: Silkscreen clipped by solder mask
    Local override; warning
    @(111.5000 mm, 116.3300 mm): Reference field of R10
    @(110.9900 mm, 115.5000 mm): Pad 1 [/BOOT_CFG] of R7 on F.Cu
[silk_over_copper]: Silkscreen clipped by solder mask
    Local override; warning
    @(111.5000 mm, 120.0700 mm): Reference field of R12
    @(110.9900 mm, 119.5000 mm): Pad 1 [/INT2] of R11 on F.Cu
[silk_over_copper]: Silkscreen clipped by solder mask
    Local override; warning
    @(111.5000 mm, 120.0700 mm): Reference field of R12
    @(112.0100 mm, 119.5000 mm): Pad 2 [/INT2_M] of R11 on F.Cu
[silk_over_copper]: Silkscreen clipped by solder mask
    Local override; warning
    @(111.5000 mm, 118.3300 mm): Reference field of R11
    @(110.9900 mm, 117.5000 mm): Pad 1 [/INT1] of R10 on F.Cu

** Found 148 unconnected pads **
[unconnected_items]: Missing connection between items
    Local override; error
    @(104.9900 mm, 111.5000 mm): Pad 1 [/VDD_1V8] of R13 on F.Cu
    @(116.5000 mm, 131.0000 mm): Pad 15 [/VDD_1V8] of U1 on F.Cu
[unconnected_items]: Missing connection between items
    Local override; error
    @(105.0000 mm, 108.4125 mm): Pad 5 [/VDD_1V8] of U3 on F.Cu
    @(104.9900 mm, 111.5000 mm): Pad 1 [/VDD_1V8] of R13 on F.Cu
[unconnected_items]: Missing connection between items
    Local override; error
    @(108.0000 mm, 104.0100 mm): Pad 1 [/VDD_1V8] of R4 on F.Cu
    @(105.0000 mm, 108.4125 mm): Pad 5 [/VDD_1V8] of U3 on F.Cu
[unconnected_items]: Missing connection between items
    Local override; error
    @(109.5000 mm, 104.0100 mm): Pad 1 [/VDD_1V8] of R5 on F.Cu
    @(108.0000 mm, 104.0100 mm): Pad 1 [/VDD_1V8] of R4 on F.Cu
[unconnected_items]: Missing connection between items
    Local override; error
    @(116.5000 mm, 131.0000 mm): Pad 15 [/VDD_1V8] of U1 on F.Cu
    @(138.5000 mm, 148.0000 mm): Pad 1 [/VDD_1V8] of TP8 on F.Cu
[unconnected_items]: Missing connection between items
    Local override; error
    @(138.5000 mm, 148.0000 mm): Pad 1 [/VDD_1V8] of TP8 on F.Cu
    @(153.4900 mm, 128.0000 mm): Pad 1 [/VDD_1V8] of R6 on F.Cu
[unconnected_items]: Missing connection between items
    Local override; error
    @(109.5000 mm, 102.9900 mm): Pad 2 [/SCL] of R5 on F.Cu
    @(105.5000 mm, 106.5875 mm): Pad 13 [/SCL] of U3 on F.Cu
[unconnected_items]: Missing connection between items
    Local override; error
    @(109.5000 mm, 102.9900 mm): Pad 2 [/SCL] of R5 on F.Cu
    @(141.5000 mm, 130.0000 mm): Pad 38 [/SCL] of U1 on F.Cu
[unconnected_items]: Missing connection between items
    Local override; error
    @(141.5000 mm, 130.0000 mm): Pad 38 [/SCL] of U1 on F.Cu
    @(154.4500 mm, 107.2500 mm): Pad 6 [/SCL] of U6 on F.Cu
[unconnected_items]: Missing connection between items
    Local override; error
    @(103.0000 mm, 134.9800 mm): Pad 1 [/VBAT] of C10 on F.Cu
    @(108.5750 mm, 134.5000 mm): Pad 2 [/VBAT] of L1 on F.Cu
[unconnected_items]: Missing connection between items
    Local override; error
    @(106.5600 mm, 127.2500 mm): Pad 1 [/VBAT] of U2 on F.Cu
    @(102.4900 mm, 122.5000 mm): Pad 1 [/VBAT] of RT1 on F.Cu
[unconnected_items]: Missing connection between items
    Local override; error
    @(108.5750 mm, 134.5000 mm): Pad 2 [/VBAT] of L1 on F.Cu
    @(106.5600 mm, 127.2500 mm): Pad 1 [/VBAT] of U2 on F.Cu
[unconnected_items]: Missing connection between items
    Local override; error
    @(110.8625 mm, 106.5500 mm): Pad 1 [/VBAT] of U4 on F.Cu
    @(110.8625 mm, 108.4500 mm): Pad 3 [/VBAT] of U4 on F.Cu
[unconnected_items]: Missing connection between items
    Local override; error
    @(112.3250 mm, 121.5000 mm): Pad 2 [/VBAT] of R12 on F.Cu
    @(106.5600 mm, 127.2500 mm): Pad 1 [/VBAT] of U2 on F.Cu
[unconnected_items]: Missing connection between items
    Local override; error
    @(112.3250 mm, 121.5000 mm): Pad 2 [/VBAT] of R12 on F.Cu
    @(110.8625 mm, 108.4500 mm): Pad 3 [/VBAT] of U4 on F.Cu
[unconnected_items]: Missing connection between items
    Local override; error
    @(132.0000 mm, 112.5000 mm): Pad 55 [/VBAT] of U1 on F.Cu
    @(133.0000 mm, 112.5000 mm): Pad 55 [/VBAT] of U1 on F.Cu
[unconnected_items]: Missing connection between items
    Local override; error
    @(132.0000 mm, 112.5000 mm): Pad 55 [/VBAT] of U1 on F.Cu
    @(110.8625 mm, 108.4500 mm): Pad 3 [/VBAT] of U4 on F.Cu
[unconnected_items]: Missing connection between items
    Local override; error
    @(133.0000 mm, 112.5000 mm): Pad 55 [/VBAT] of U1 on F.Cu
    @(134.0000 mm, 112.5000 mm): Pad 55 [/VBAT] of U1 on F.Cu
[unconnected_items]: Missing connection between items
    Local override; error
    @(134.0000 mm, 112.5000 mm): Pad 55 [/VBAT] of U1 on F.Cu
    @(134.5000 mm, 108.4800 mm): Pad 1 [/VBAT] of C1 on F.Cu
[unconnected_items]: Missing connection between items
    Local override; error
    @(134.5000 mm, 104.8500 mm): Pad 1 [/VBAT] of D2 on F.Cu
    @(136.5500 mm, 107.0000 mm): Pad 1 [/VBAT] of C2 on F.Cu
[unconnected_items]: Missing connection between items
    Local override; error
    @(136.5500 mm, 107.0000 mm): Pad 1 [/VBAT] of C2 on F.Cu
    @(134.5000 mm, 108.4800 mm): Pad 1 [/VBAT] of C1 on F.Cu
[unconnected_items]: Missing connection between items
    Local override; error
    @(136.5500 mm, 107.0000 mm): Pad 1 [/VBAT] of C2 on F.Cu
    @(140.5500 mm, 107.0000 mm): Pad 1 [/VBAT] of C3 on F.Cu
[unconnected_items]: Missing connection between items
    Local override; error
    @(144.5500 mm, 107.0000 mm): Pad 1 [/VBAT] of C16 on F.Cu
    @(140.5500 mm, 107.0000 mm): Pad 1 [/VBAT] of C3 on F.Cu
[unconnected_items]: Missing connection between items
    Local override; error
    @(151.5500 mm, 107.2500 mm): Pad 3 [/VBAT] of U6 on F.Cu
    @(154.4500 mm, 106.2500 mm): Pad 8 [/VBAT] of U6 on F.Cu
[unconnected_items]: Missing connection between items
    Local override; error
    @(151.5500 mm, 107.2500 mm): Pad 3 [/VBAT] of U6 on F.Cu
    @(144.5500 mm, 107.0000 mm): Pad 1 [/VBAT] of C16 on F.Cu
[unconnected_items]: Missing connection between items
    Local override; error
    @(103.0000 mm, 103.0200 mm): Pad 2 [/GND] of C8 on F.Cu
    @(105.5000 mm, 103.0200 mm): Pad 2 [/GND] of C9 on F.Cu
[unconnected_items]: Missing connection between items
    Local override; error
    @(103.0000 mm, 124.7250 mm): Pad 2 [/GND] of C4 on F.Cu
    @(103.5100 mm, 122.5000 mm): Pad 2 [/GND] of RT1 on F.Cu
[unconnected_items]: Missing connection between items
    Local override; error
    @(103.0000 mm, 124.7250 mm): Pad 2 [/GND] of C4 on F.Cu
    @(103.0000 mm, 128.7250 mm): Pad 2 [/GND] of C5 on F.Cu
[unconnected_items]: Missing connection between items
    Local override; error
    @(105.5000 mm, 108.4125 mm): Pad 6 [/GND] of U3 on F.Cu
    @(106.0000 mm, 108.4125 mm): Pad 7 [/GND] of U3 on F.Cu
[unconnected_items]: Missing connection between items
    Local override; error
    @(105.5000 mm, 108.4125 mm): Pad 6 [/GND] of U3 on F.Cu
    @(105.5000 mm, 103.0200 mm): Pad 2 [/GND] of C9 on F.Cu
[unconnected_items]: Missing connection between items
    Local override; error
    @(106.0000 mm, 108.4125 mm): Pad 7 [/GND] of U3 on F.Cu
    @(110.8625 mm, 107.5000 mm): Pad 2 [/GND] of U4 on F.Cu
[unconnected_items]: Missing connection between items
    Local override; error
    @(106.5600 mm, 127.7500 mm): Pad 2 [/GND] of U2 on F.Cu
    @(103.0000 mm, 128.7250 mm): Pad 2 [/GND] of C5 on F.Cu
[unconnected_items]: Missing connection between items
    Local override; error
    @(108.0100 mm, 123.0000 mm): Pad 2 [/GND] of R1 on F.Cu
    @(108.4400 mm, 127.2500 mm): Pad 8 [/GND] of U2 on F.Cu
[unconnected_items]: Missing connection between items
    Local override; error
    @(108.0100 mm, 123.0000 mm): Pad 2 [/GND] of R1 on F.Cu
    @(112.0100 mm, 115.5000 mm): Pad 2 [/GND] of R7 on F.Cu
[unconnected_items]: Missing connection between items
    Local override; error
    @(108.4400 mm, 127.2500 mm): Pad 8 [/GND] of U2 on F.Cu
    @(108.4400 mm, 128.2500 mm): Pad 6 [/GND] of U2 on F.Cu
[unconnected_items]: Missing connection between items
    Local override; error
    @(108.4400 mm, 127.2500 mm): Pad 8 [/GND] of U2 on F.Cu
    @(106.5600 mm, 127.7500 mm): Pad 2 [/GND] of U2 on F.Cu
[unconnected_items]: Missing connection between items
    Local override; error
    @(110.8625 mm, 107.5000 mm): Pad 2 [/GND] of U4 on F.Cu
    @(112.0000 mm, 103.0200 mm): Pad 2 [/GND] of C11 on F.Cu
[unconnected_items]: Missing connection between items
    Local override; error
    @(112.0100 mm, 115.5000 mm): Pad 2 [/GND] of R7 on F.Cu
    @(116.5000 mm, 118.0000 mm): Pad 2 [/GND] of U1 on F.Cu
[unconnected_items]: Missing connection between items
    Local override; error
    @(112.0100 mm, 115.5000 mm): Pad 2 [/GND] of R7 on F.Cu
    @(110.8625 mm, 107.5000 mm): Pad 2 [/GND] of U4 on F.Cu
[unconnected_items]: Missing connection between items
    Local override; error
    @(116.5000 mm, 118.0000 mm): Pad 2 [/GND] of U1 on F.Cu
    @(123.8000 mm, 119.8000 mm): PTH pad 2 [/GND] of U1
[unconnected_items]: Missing connection between items
    Local override; error
    @(116.5000 mm, 133.0000 mm): Pad 2 [/GND] of U1 on F.Cu
    @(121.0000 mm, 137.5000 mm): Pad 2 [/GND] of U1 on F.Cu
[unconnected_items]: Missing connection between items
    Local override; error
    @(117.5000 mm, 144.5100 mm): Pad 1 [/GND] of R2 on F.Cu
    @(120.8625 mm, 144.0000 mm): Pad 2 [/GND] of D3 on F.Cu
[unconnected_items]: Missing connection between items
    Local override; error
    @(117.5000 mm, 144.5100 mm): Pad 1 [/GND] of R2 on F.Cu
    @(118.8000 mm, 148.2550 mm): Pad B12 [/GND] of J1 on F.Cu
[unconnected_items]: Missing connection between items
    Local override; error
    @(117.5000 mm, 144.5100 mm): Pad 1 [/GND] of R2 on F.Cu
    @(110.0000 mm, 144.5000 mm): Pad 2 [/GND] of J5 on F.Cu
[unconnected_items]: Missing connection between items
    Local override; error
    @(117.6800 mm, 148.8950 mm): PTH pad SH [/GND] of J1
    @(117.6800 mm, 153.0750 mm): PTH pad SH [/GND] of J1
[unconnected_items]: Missing connection between items
    Local override; error
    @(118.8000 mm, 148.2550 mm): Pad B12 [/GND] of J1 on F.Cu
    @(117.6800 mm, 148.8950 mm): PTH pad SH [/GND] of J1
[unconnected_items]: Missing connection between items
    Local override; error
    @(120.8625 mm, 144.0000 mm): Pad 2 [/GND] of D3 on F.Cu
    @(121.0000 mm, 137.5000 mm): Pad 2 [/GND] of U1 on F.Cu
[unconnected_items]: Missing connection between items
    Local override; error
    @(123.8000 mm, 119.8000 mm): PTH pad 2 [/GND] of U1
    @(124.0000 mm, 112.5000 mm): Pad 2 [/GND] of U1 on F.Cu
[unconnected_items]: Missing connection between items
    Local override; error
    @(123.8000 mm, 130.2000 mm): PTH pad 2 [/GND] of U1
    @(116.5000 mm, 133.0000 mm): Pad 2 [/GND] of U1 on F.Cu
[unconnected_items]: Missing connection between items
    Local override; error
    @(124.0000 mm, 112.5000 mm): Pad 2 [/GND] of U1 on F.Cu
    @(125.0000 mm, 112.5000 mm): Pad 2 [/GND] of U1 on F.Cu
[unconnected_items]: Missing connection between items
    Local override; error
    @(125.0000 mm, 112.5000 mm): Pad 2 [/GND] of U1 on F.Cu
    @(126.0000 mm, 112.5000 mm): Pad 2 [/GND] of U1 on F.Cu
[unconnected_items]: Missing connection between items
    Local override; error
    @(125.2000 mm, 148.2550 mm): Pad B1 [/GND] of J1 on F.Cu
    @(126.3200 mm, 148.8950 mm): PTH pad SH [/GND] of J1
[unconnected_items]: Missing connection between items
    Local override; error
    @(126.3200 mm, 148.8950 mm): PTH pad SH [/GND] of J1
    @(126.3200 mm, 153.0750 mm): PTH pad SH [/GND] of J1
[unconnected_items]: Missing connection between items
    Local override; error
    @(126.5000 mm, 144.5100 mm): Pad 1 [/GND] of R3 on F.Cu
    @(125.2000 mm, 148.2550 mm): Pad B1 [/GND] of J1 on F.Cu
[unconnected_items]: Missing connection between items
    Local override; error
    @(126.5000 mm, 144.5100 mm): Pad 1 [/GND] of R3 on F.Cu
    @(120.8625 mm, 144.0000 mm): Pad 2 [/GND] of D3 on F.Cu
[unconnected_items]: Missing connection between items
    Local override; error
    @(126.9800 mm, 108.0000 mm): Pad 2 [/GND] of C12 on F.Cu
    @(127.0000 mm, 112.5000 mm): Pad 2 [/GND] of U1 on F.Cu
[unconnected_items]: Missing connection between items
    Local override; error
    @(127.0000 mm, 112.5000 mm): Pad 2 [/GND] of U1 on F.Cu
    @(126.0000 mm, 112.5000 mm): Pad 2 [/GND] of U1 on F.Cu
[unconnected_items]: Missing connection between items
    Local override; error
    @(127.0000 mm, 112.5000 mm): Pad 2 [/GND] of U1 on F.Cu
    @(128.0000 mm, 112.5000 mm): Pad 2 [/GND] of U1 on F.Cu
[unconnected_items]: Missing connection between items
    Local override; error
    @(128.0000 mm, 112.5000 mm): Pad 2 [/GND] of U1 on F.Cu
    @(130.0000 mm, 112.5000 mm): Pad 2 [/GND] of U1 on F.Cu
[unconnected_items]: Missing connection between items
    Local override; error
    @(129.0000 mm, 104.9750 mm): Pad 2 [/GND] of J3 on F.Cu
    @(129.0000 mm, 102.0250 mm): Pad 2 [/GND] of J3 on F.Cu
[unconnected_items]: Missing connection between items
    Local override; error
    @(129.0000 mm, 104.9750 mm): Pad 2 [/GND] of J3 on F.Cu
    @(126.9800 mm, 108.0000 mm): Pad 2 [/GND] of C12 on F.Cu
[unconnected_items]: Missing connection between items
    Local override; error
    @(129.0000 mm, 104.9750 mm): Pad 2 [/GND] of J3 on F.Cu
    @(125.4850 mm, 103.5000 mm): Pad 2 [/GND] of D4 on F.Cu
[unconnected_items]: Missing connection between items
    Local override; error
    @(129.0000 mm, 104.9750 mm): Pad 2 [/GND] of J3 on F.Cu
    @(131.9800 mm, 108.0000 mm): Pad 2 [/GND] of C13 on F.Cu
[unconnected_items]: Missing connection between items
    Local override; error
    @(131.0000 mm, 112.5000 mm): Pad 2 [/GND] of U1 on F.Cu
    @(130.0000 mm, 112.5000 mm): Pad 2 [/GND] of U1 on F.Cu
[unconnected_items]: Missing connection between items
    Local override; error
    @(131.0000 mm, 112.5000 mm): Pad 2 [/GND] of U1 on F.Cu
    @(135.0000 mm, 112.5000 mm): Pad 2 [/GND] of U1 on F.Cu
[unconnected_items]: Missing connection between items
    Local override; error
    @(132.0000 mm, 137.5000 mm): Pad 2 [/GND] of U1 on F.Cu
    @(131.6000 mm, 130.2000 mm): PTH pad 2 [/GND] of U1
[unconnected_items]: Missing connection between items
    Local override; error
    @(134.5000 mm, 107.5200 mm): Pad 2 [/GND] of C1 on F.Cu
    @(131.9800 mm, 108.0000 mm): Pad 2 [/GND] of C13 on F.Cu
[unconnected_items]: Missing connection between items
    Local override; error
    @(134.5000 mm, 107.5200 mm): Pad 2 [/GND] of C1 on F.Cu
    @(134.5000 mm, 104.1500 mm): Pad 2 [/GND] of D2 on F.Cu
[unconnected_items]: Missing connection between items
    Local override; error
    @(134.5000 mm, 107.5200 mm): Pad 2 [/GND] of C1 on F.Cu
    @(138.4500 mm, 107.0000 mm): Pad 2 [/GND] of C2 on F.Cu
[unconnected_items]: Missing connection between items
    Local override; error
    @(141.5000 mm, 122.0000 mm): Pad 2 [/GND] of U1 on F.Cu
    @(134.2000 mm, 122.4000 mm): PTH pad 2 [/GND] of U1
[unconnected_items]: Missing connection between items
    Local override; error
    @(141.5000 mm, 123.0000 mm): Pad 2 [/GND] of U1 on F.Cu
    @(141.5000 mm, 122.0000 mm): Pad 2 [/GND] of U1 on F.Cu
[unconnected_items]: Missing connection between items
    Local override; error
    @(141.5000 mm, 129.0000 mm): Pad 2 [/GND] of U1 on F.Cu
    @(145.0750 mm, 128.0000 mm): Pad 2 [/GND] of D1 on F.Cu
[unconnected_items]: Missing connection between items
    Local override; error
    @(141.5000 mm, 129.0000 mm): Pad 2 [/GND] of U1 on F.Cu
    @(141.5000 mm, 123.0000 mm): Pad 2 [/GND] of U1 on F.Cu
[unconnected_items]: Missing connection between items
    Local override; error
    @(142.4500 mm, 107.0000 mm): Pad 2 [/GND] of C3 on F.Cu
    @(138.4500 mm, 107.0000 mm): Pad 2 [/GND] of C2 on F.Cu
[unconnected_items]: Missing connection between items
    Local override; error
    @(146.4500 mm, 107.0000 mm): Pad 2 [/GND] of C16 on F.Cu
    @(142.4500 mm, 107.0000 mm): Pad 2 [/GND] of C3 on F.Cu
[unconnected_items]: Missing connection between items
    Local override; error
    @(147.2000 mm, 139.9000 mm): Pad 5 [/GND] of J2 on F.Cu
    @(147.2000 mm, 137.3600 mm): Pad 6 [/GND] of J2 on F.Cu
[unconnected_items]: Missing connection between items
    Local override; error
    @(147.2000 mm, 139.9000 mm): Pad 5 [/GND] of J2 on F.Cu
    @(151.3000 mm, 144.1500 mm): Pad SH [/GND] of J2 on F.Cu
[unconnected_items]: Missing connection between items
    Local override; error
    @(149.4800 mm, 128.0000 mm): Pad 2 [/GND] of C6 on F.Cu
    @(151.9800 mm, 128.0000 mm): Pad 2 [/GND] of C7 on F.Cu
[unconnected_items]: Missing connection between items
    Local override; error
    @(149.4800 mm, 128.0000 mm): Pad 2 [/GND] of C6 on F.Cu
    @(145.0750 mm, 128.0000 mm): Pad 2 [/GND] of D1 on F.Cu
[unconnected_items]: Missing connection between items
    Local override; error
    @(151.0000 mm, 123.5200 mm): Pad 2 [/GND] of C15 on F.Cu
    @(151.9800 mm, 128.0000 mm): Pad 2 [/GND] of C7 on F.Cu
[unconnected_items]: Missing connection between items
    Local override; error
    @(151.3000 mm, 131.8500 mm): Pad SH [/GND] of J2 on F.Cu
    @(151.9800 mm, 128.0000 mm): Pad 2 [/GND] of C7 on F.Cu
[unconnected_items]: Missing connection between items
    Local override; error
    @(151.3000 mm, 131.8500 mm): Pad SH [/GND] of J2 on F.Cu
    @(147.2000 mm, 137.3600 mm): Pad 6 [/GND] of J2 on F.Cu
[unconnected_items]: Missing connection between items
    Local override; error
    @(151.5500 mm, 107.7500 mm): Pad 4 [/GND] of U6 on F.Cu
    @(146.4500 mm, 107.0000 mm): Pad 2 [/GND] of C16 on F.Cu
[unconnected_items]: Missing connection between items
    Local override; error
    @(155.5250 mm, 121.0000 mm): Pad 2 [/GND] of J4 on F.Cu
    @(158.4750 mm, 121.0000 mm): Pad 2 [/GND] of J4 on F.Cu
[unconnected_items]: Missing connection between items
    Local override; error
    @(155.5250 mm, 121.0000 mm): Pad 2 [/GND] of J4 on F.Cu
    @(151.0000 mm, 123.5200 mm): Pad 2 [/GND] of C15 on F.Cu
[unconnected_items]: Missing connection between items
    Local override; error
    @(155.5250 mm, 121.0000 mm): Pad 2 [/GND] of J4 on F.Cu
    @(151.0000 mm, 117.5200 mm): Pad 2 [/GND] of C14 on F.Cu
[unconnected_items]: Missing connection between items
    Local override; error
    @(160.1000 mm, 131.8500 mm): Pad SH [/GND] of J2 on F.Cu
    @(151.3000 mm, 131.8500 mm): Pad SH [/GND] of J2 on F.Cu
[unconnected_items]: Missing connection between items
    Local override; error
    @(150.4900 mm, 121.0000 mm): Pad 1 [/ANT_GNSS] of R9 on F.Cu
    @(151.0000 mm, 118.4800 mm): Pad 1 [/ANT_GNSS] of C14 on F.Cu
[unconnected_items]: Missing connection between items
    Local override; error
    @(151.0000 mm, 118.4800 mm): Pad 1 [/ANT_GNSS] of C14 on F.Cu
    @(136.0000 mm, 112.5000 mm): Pad 53 [/ANT_GNSS] of U1 on F.Cu
[unconnected_items]: Missing connection between items
    Local override; error
    @(151.5100 mm, 121.0000 mm): Pad 2 [/ANT_GNSS_MID] of R9 on F.Cu
    @(151.0000 mm, 124.4800 mm): Pad 1 [/ANT_GNSS_MID] of C15 on F.Cu
[unconnected_items]: Missing connection between items
    Local override; error
    @(157.0000 mm, 122.5250 mm): Pad 1 [/ANT_GNSS_MID] of J4 on F.Cu
    @(151.5100 mm, 121.0000 mm): Pad 2 [/ANT_GNSS_MID] of R9 on F.Cu
[unconnected_items]: Missing connection between items
    Local override; error
    @(106.0100 mm, 111.5000 mm): Pad 2 [/UART1_DTR] of R13 on F.Cu
    @(116.5000 mm, 119.0000 mm): Pad 3 [/UART1_DTR] of U1 on F.Cu
[unconnected_items]: Missing connection between items
    Local override; error
    @(105.5000 mm, 103.9800 mm): Pad 1 [/IMU_VDD] of C9 on F.Cu
    @(103.0000 mm, 103.9800 mm): Pad 1 [/IMU_VDD] of C8 on F.Cu
[unconnected_items]: Missing connection between items
    Local override; error
    @(106.0000 mm, 106.5875 mm): Pad 8 [/IMU_VDD] of U3 on F.Cu
    @(105.5000 mm, 103.9800 mm): Pad 1 [/IMU_VDD] of C9 on F.Cu
[unconnected_items]: Missing connection between items
    Local override; error
    @(112.0000 mm, 103.9800 mm): Pad 1 [/IMU_VDD] of C11 on F.Cu
    @(105.5000 mm, 103.9800 mm): Pad 1 [/IMU_VDD] of C9 on F.Cu
[unconnected_items]: Missing connection between items
    Local override; error
    @(113.1375 mm, 106.5500 mm): Pad 5 [/IMU_VDD] of U4 on F.Cu
    @(112.0000 mm, 103.9800 mm): Pad 1 [/IMU_VDD] of C11 on F.Cu
[unconnected_items]: Missing connection between items
    Local override; error
    @(133.0000 mm, 137.5000 mm): Pad 30 [/VSIM] of U1 on F.Cu
    @(147.2000 mm, 141.1700 mm): Pad 1 [/VSIM] of J2 on F.Cu
[unconnected_items]: Missing connection between items
    Local override; error
    @(146.9250 mm, 128.0000 mm): Pad 5 [/VSIM] of D1 on F.Cu
    @(147.2000 mm, 141.1700 mm): Pad 1 [/VSIM] of J2 on F.Cu
[unconnected_items]: Missing connection between items
    Local override; error
    @(148.5200 mm, 128.0000 mm): Pad 1 [/VSIM] of C6 on F.Cu
    @(146.9250 mm, 128.0000 mm): Pad 5 [/VSIM] of D1 on F.Cu
[unconnected_items]: Missing connection between items
    Local override; error
    @(151.0200 mm, 128.0000 mm): Pad 1 [/VSIM] of C7 on F.Cu
    @(148.5200 mm, 128.0000 mm): Pad 1 [/VSIM] of C6 on F.Cu
[unconnected_items]: Missing connection between items
    Local override; error
    @(136.0000 mm, 137.5000 mm): Pad 33 [/SIM_RST] of U1 on F.Cu
    @(147.2000 mm, 138.6300 mm): Pad 2 [/SIM_RST] of J2 on F.Cu
[unconnected_items]: Missing connection between items
    Local override; error
    @(147.2000 mm, 138.6300 mm): Pad 2 [/SIM_RST] of J2 on F.Cu
    @(146.8500 mm, 128.5375 mm): Pad 4 [/SIM_RST] of D1 on F.Cu
[unconnected_items]: Missing connection between items
    Local override; error
    @(135.0000 mm, 137.5000 mm): Pad 32 [/SIM_CLK] of U1 on F.Cu
    @(147.2000 mm, 136.0900 mm): Pad 3 [/SIM_CLK] of J2 on F.Cu
[unconnected_items]: Missing connection between items
    Local override; error
    @(147.2000 mm, 136.0900 mm): Pad 3 [/SIM_CLK] of J2 on F.Cu
    @(145.1500 mm, 127.4625 mm): Pad 1 [/SIM_CLK] of D1 on F.Cu
[unconnected_items]: Missing connection between items
    Local override; error
    @(134.0000 mm, 137.5000 mm): Pad 31 [/SIM_DATA] of U1 on F.Cu
    @(147.2000 mm, 134.8200 mm): Pad 7 [/SIM_DATA] of J2 on F.Cu
[unconnected_items]: Missing connection between items
    Local override; error
    @(147.2000 mm, 134.8200 mm): Pad 7 [/SIM_DATA] of J2 on F.Cu
    @(145.1500 mm, 128.5375 mm): Pad 3 [/SIM_DATA] of D1 on F.Cu
[unconnected_items]: Missing connection between items
    Local override; error
    @(122.0000 mm, 112.5000 mm): Pad 67 [/SIM_DET] of U1 on F.Cu
    @(146.8500 mm, 127.4625 mm): Pad 6 [/SIM_DET] of D1 on F.Cu
[unconnected_items]: Missing connection between items
    Local override; error
    @(154.5100 mm, 128.0000 mm): Pad 2 [/SIM_DET] of R6 on F.Cu
    @(146.8500 mm, 127.4625 mm): Pad 6 [/SIM_DET] of D1 on F.Cu
[unconnected_items]: Missing connection between items
    Local override; error
    @(160.1000 mm, 144.1500 mm): Pad SW [/SIM_DET] of J2 on F.Cu
    @(154.5100 mm, 128.0000 mm): Pad 2 [/SIM_DET] of R6 on F.Cu
[unconnected_items]: Missing connection between items
    Local override; error
    @(103.0000 mm, 126.2750 mm): Pad 1 [/USB_5V] of C4 on F.Cu
    @(103.0000 mm, 130.2750 mm): Pad 1 [/USB_5V] of C5 on F.Cu
[unconnected_items]: Missing connection between items
    Local override; error
    @(108.4400 mm, 128.7500 mm): Pad 5 [/USB_5V] of U2 on F.Cu
    @(103.0000 mm, 130.2750 mm): Pad 1 [/USB_5V] of C5 on F.Cu
[unconnected_items]: Missing connection between items
    Local override; error
    @(119.6000 mm, 148.2550 mm): Pad B9 [/USB_5V] of J1 on F.Cu
    @(124.4000 mm, 148.2550 mm): Pad A9 [/USB_5V] of J1 on F.Cu
[unconnected_items]: Missing connection between items
    Local override; error
    @(123.1375 mm, 144.0000 mm): Pad 5 [/USB_5V] of D3 on F.Cu
    @(127.0000 mm, 137.5000 mm): Pad 24 [/USB_5V] of U1 on F.Cu
[unconnected_items]: Missing connection between items
    Local override; error
    @(124.4000 mm, 148.2550 mm): Pad A9 [/USB_5V] of J1 on F.Cu
    @(123.1375 mm, 144.0000 mm): Pad 5 [/USB_5V] of D3 on F.Cu
[unconnected_items]: Missing connection between items
    Local override; error
    @(127.0000 mm, 137.5000 mm): Pad 24 [/USB_5V] of U1 on F.Cu
    @(108.4400 mm, 128.7500 mm): Pad 5 [/USB_5V] of U2 on F.Cu
[unconnected_items]: Missing connection between items
    Local override; error
    @(123.0000 mm, 112.5000 mm): Pad 66 [/STATUS] of U1 on F.Cu
    @(130.5000 mm, 148.0000 mm): Pad 1 [/STATUS] of TP6 on F.Cu
[unconnected_items]: Missing connection between items
    Local override; error
    @(104.0000 mm, 144.5000 mm): Pad 1 [/BAT_PACK] of J5 on F.Cu
    @(110.6750 mm, 121.5000 mm): Pad 1 [/BAT_PACK] of R12 on F.Cu
[unconnected_items]: Missing connection between items
    Local override; error
    @(116.5000 mm, 117.0000 mm): Pad 1 [/PWRKEY] of U1 on F.Cu
    @(129.0000 mm, 143.0000 mm): Pad 1 [/PWRKEY] of TP1 on F.Cu
[unconnected_items]: Missing connection between items
    Local override; error
    @(110.9900 mm, 115.5000 mm): Pad 1 [/BOOT_CFG] of R7 on F.Cu
    @(116.5000 mm, 122.0000 mm): Pad 6 [/BOOT_CFG] of U1 on F.Cu
[unconnected_items]: Missing connection between items
    Local override; error
    @(116.5000 mm, 125.0000 mm): Pad 9 [/UART1_TXD] of U1 on F.Cu
    @(132.0000 mm, 143.0000 mm): Pad 1 [/UART1_TXD] of TP2 on F.Cu
[unconnected_items]: Missing connection between items
    Local override; error
    @(116.5000 mm, 126.0000 mm): Pad 10 [/UART1_RXD] of U1 on F.Cu
    @(135.0000 mm, 143.0000 mm): Pad 1 [/UART1_RXD] of TP3 on F.Cu
[unconnected_items]: Missing connection between items
    Local override; error
    @(112.0100 mm, 117.5000 mm): Pad 2 [/INT1_M] of R10 on F.Cu
    @(123.0000 mm, 137.5000 mm): Pad 20 [/INT1_M] of U1 on F.Cu
[unconnected_items]: Missing connection between items
    Local override; error
    @(112.0100 mm, 119.5000 mm): Pad 2 [/INT2_M] of R11 on F.Cu
    @(124.0000 mm, 137.5000 mm): Pad 21 [/INT2_M] of U1 on F.Cu
[unconnected_items]: Missing connection between items
    Local override; error
    @(125.0000 mm, 137.5000 mm): Pad 22 [/DEBUG_RXD] of U1 on F.Cu
    @(141.0000 mm, 143.0000 mm): Pad 1 [/DEBUG_RXD] of TP5 on F.Cu
[unconnected_items]: Missing connection between items
    Local override; error
    @(126.0000 mm, 137.5000 mm): Pad 23 [/DEBUG_TXD] of U1 on F.Cu
    @(138.0000 mm, 143.0000 mm): Pad 1 [/DEBUG_TXD] of TP4 on F.Cu
[unconnected_items]: Missing connection between items
    Local override; error
    @(121.7500 mm, 148.2550 mm): Pad A6 [/USB_DP] of J1 on F.Cu
    @(122.7500 mm, 148.2550 mm): Pad B6 [/USB_DP] of J1 on F.Cu
[unconnected_items]: Missing connection between items
    Local override; error
    @(122.7500 mm, 148.2550 mm): Pad B6 [/USB_DP] of J1 on F.Cu
    @(123.1375 mm, 143.0500 mm): Pad 6 [/USB_DP] of D3 on F.Cu
[unconnected_items]: Missing connection between items
    Local override; error
    @(123.1375 mm, 143.0500 mm): Pad 6 [/USB_DP] of D3 on F.Cu
    @(120.8625 mm, 143.0500 mm): Pad 1 [/USB_DP] of D3 on F.Cu
[unconnected_items]: Missing connection between items
    Local override; error
    @(130.0000 mm, 137.5000 mm): Pad 27 [/USB_DP] of U1 on F.Cu
    @(123.1375 mm, 143.0500 mm): Pad 6 [/USB_DP] of D3 on F.Cu
[unconnected_items]: Missing connection between items
    Local override; error
    @(120.8625 mm, 144.9500 mm): Pad 3 [/USB_DM] of D3 on F.Cu
    @(121.2500 mm, 148.2550 mm): Pad B7 [/USB_DM] of J1 on F.Cu
[unconnected_items]: Missing connection between items
    Local override; error
    @(121.2500 mm, 148.2550 mm): Pad B7 [/USB_DM] of J1 on F.Cu
    @(122.2500 mm, 148.2550 mm): Pad A7 [/USB_DM] of J1 on F.Cu
[unconnected_items]: Missing connection between items
    Local override; error
    @(123.1375 mm, 144.9500 mm): Pad 4 [/USB_DM] of D3 on F.Cu
    @(120.8625 mm, 144.9500 mm): Pad 3 [/USB_DM] of D3 on F.Cu
[unconnected_items]: Missing connection between items
    Local override; error
    @(131.0000 mm, 137.5000 mm): Pad 28 [/USB_DM] of U1 on F.Cu
    @(123.1375 mm, 144.9500 mm): Pad 4 [/USB_DM] of D3 on F.Cu
[unconnected_items]: Missing connection between items
    Local override; error
    @(108.0000 mm, 102.9900 mm): Pad 2 [/SDA] of R4 on F.Cu
    @(105.0000 mm, 106.5875 mm): Pad 14 [/SDA] of U3 on F.Cu
[unconnected_items]: Missing connection between items
    Local override; error
    @(108.0000 mm, 102.9900 mm): Pad 2 [/SDA] of R4 on F.Cu
    @(141.5000 mm, 131.0000 mm): Pad 37 [/SDA] of U1 on F.Cu
[unconnected_items]: Missing connection between items
    Local override; error
    @(141.5000 mm, 131.0000 mm): Pad 37 [/SDA] of U1 on F.Cu
    @(154.4500 mm, 107.7500 mm): Pad 5 [/SDA] of U6 on F.Cu
[unconnected_items]: Missing connection between items
    Local override; error
    @(124.5150 mm, 103.5000 mm): Pad 1 [/ANT_LTE] of D4 on F.Cu
    @(126.0200 mm, 108.0000 mm): Pad 1 [/ANT_LTE] of C12 on F.Cu
[unconnected_items]: Missing connection between items
    Local override; error
    @(129.0000 mm, 108.5100 mm): Pad 1 [/ANT_LTE] of R8 on F.Cu
    @(126.0200 mm, 108.0000 mm): Pad 1 [/ANT_LTE] of C12 on F.Cu
[unconnected_items]: Missing connection between items
    Local override; error
    @(129.0000 mm, 112.5000 mm): Pad 60 [/ANT_LTE] of U1 on F.Cu
    @(129.0000 mm, 108.5100 mm): Pad 1 [/ANT_LTE] of R8 on F.Cu
[unconnected_items]: Missing connection between items
    Local override; error
    @(127.4750 mm, 103.5000 mm): Pad 1 [/ANT_LTE_MID] of J3 on F.Cu
    @(129.0000 mm, 107.4900 mm): Pad 2 [/ANT_LTE_MID] of R8 on F.Cu
[unconnected_items]: Missing connection between items
    Local override; error
    @(129.0000 mm, 107.4900 mm): Pad 2 [/ANT_LTE_MID] of R8 on F.Cu
    @(131.0200 mm, 108.0000 mm): Pad 1 [/ANT_LTE_MID] of C13 on F.Cu
[unconnected_items]: Missing connection between items
    Local override; error
    @(117.5000 mm, 143.4900 mm): Pad 2 [/CC1] of R2 on F.Cu
    @(120.7500 mm, 148.2550 mm): Pad A5 [/CC1] of J1 on F.Cu
[unconnected_items]: Missing connection between items
    Local override; error
    @(106.5600 mm, 128.2500 mm): Pad 3 [/ISET] of U2 on F.Cu
    @(106.9900 mm, 123.0000 mm): Pad 1 [/ISET] of R1 on F.Cu
[unconnected_items]: Missing connection between items
    Local override; error
    @(106.5600 mm, 128.7500 mm): Pad 4 [/CHG_STAT] of U2 on F.Cu
    @(134.5000 mm, 148.0000 mm): Pad 1 [/CHG_STAT] of TP7 on F.Cu
[unconnected_items]: Missing connection between items
    Local override; error
    @(123.7500 mm, 148.2550 mm): Pad B5 [/CC2] of J1 on F.Cu
    @(126.5000 mm, 143.4900 mm): Pad 2 [/CC2] of R3 on F.Cu
[unconnected_items]: Missing connection between items
    Local override; error
    @(106.4250 mm, 134.5000 mm): Pad 1 [/SW_CHG] of L1 on F.Cu
    @(108.4400 mm, 127.7500 mm): Pad 7 [/SW_CHG] of U2 on F.Cu
[unconnected_items]: Missing connection between items
    Local override; error
    @(106.6625 mm, 106.7500 mm): Pad 9 [/INT2] of U3 on F.Cu
    @(110.9900 mm, 119.5000 mm): Pad 1 [/INT2] of R11 on F.Cu
[unconnected_items]: Missing connection between items
    Local override; error
    @(104.3375 mm, 106.7500 mm): Pad 4 [/INT1] of U3 on F.Cu
    @(110.9900 mm, 117.5000 mm): Pad 1 [/INT1] of R10 on F.Cu

** Found 0 Footprint errors **

** Ignored checks **
    - Footprint has no courtyard defined
    - Track endpoint not centered on via
    - Tuning profile track geometries
    - Footprint doesn't match symbol's footprint filters
    - Footprint component type doesn't match footprint pads

** End of Report **
